// Jest Snapshot v1, https://goo.gl/fbAQLP

exports[`Renders Balance component should renders correctly 1`] = `ShallowWrapper {}`;
