// Jest Snapshot v1, https://goo.gl/fbAQLP

exports[`Renders Dropdown component renders as expected 1`] = `ShallowWrapper {}`;
